# 點餐流程已更新
